{
  "word": "golden",
  "ipa": {
    "us": "ˈɡəʊldən",
    "uk": "ˈɡoʊldən"
  },
  "sentences": [
    {
      "en": "Bake in the preheated oven for 25 minutes or until golden brown.",
      "cn": "在预热过的烤箱里烤25分钟，或烤成金黄色。"
    },
    {
      "en": "Drop the slices into the oil and fry until golden brown.",
      "cn": "将切片倒进油里，煎至金棕色。"
    },
    {
      "en": "golden hair",
      "cn": "金发"
    },
    {
      "en": "golden sand",
      "cn": "金色的沙"
    },
    {
      "en": "Hanson's golden rule is to add value to whatever business he buys.",
      "cn": "汉森的成功原则是不论收购什么样的企业都要使其增值。"
    },
    {
      "en": "He stood there in a cocoon of golden light.",
      "cn": "他站在那儿，一柱金光笼罩着他。"
    },
    {
      "en": "He was gently caressing her golden hair.",
      "cn": "他深情抚摸着她的金发。"
    },
    {
      "en": "He wasted a golden opportunity when he missed from the penalty spot.",
      "cn": "他罚球没有命中，浪费了一个绝佳的机会。"
    },
    {
      "en": "If you remember these three golden rules you won't go far wrong.",
      "cn": "记住这三条金律，就不会错到哪儿。"
    },
    {
      "en": "If you're lucky, a splendid golden eagle may soar into view.",
      "cn": "幸运的话，会有一只光彩夺目的金雕飞入你的视野。"
    },
    {
      "en": "Imagine long golden beaches where you can wander in solitude.",
      "cn": "想象一下那长长的金色海滩吧，在那里你可以独自徜徉。"
    },
    {
      "en": "In the light from the hall, her hair had a golden gleam.",
      "cn": "在大厅灯光的照射下，她的头发闪着金色的光芒。"
    },
    {
      "en": "Not a strand of her golden hair was out of place.",
      "cn": "她的金发纹丝不乱。"
    },
    {
      "en": "Orange and khaki flatter those with golden skin tones.",
      "cn": "橘黄色和卡其色能衬托那些金黄色皮肤的人。"
    },
    {
      "en": "She chopped off her golden, waist-length hair.",
      "cn": "她剪掉了她那齐腰的金发。"
    },
    {
      "en": "She combed and arranged her golden hair.",
      "cn": "她梳理好自己的金发。"
    },
    {
      "en": "The golden bangles on her arms clashed and jingled.",
      "cn": "她手臂上的金手镯丁零当啷地响。"
    },
    {
      "en": "The golden rule is never to clean a valuable coin.",
      "cn": "重要的原则是决不清除贵重硬币上的污垢。"
    }
  ],
  "rel_words": [
    {
      "pos": "adj",
      "words": [
        {
          "word": "gold",
          "tran_cn": " 金的，金制的；金色的"
        }
      ]
    },
    {
      "pos": "n",
      "words": [
        {
          "word": "gold",
          "tran_cn": " 金，黄金；金色；金币"
        }
      ]
    }
  ],
  "synos": [
    {
      "pos": "adj",
      "words": [
        {
          "words": [
            "metallic"
          ],
          "tran_cn": "金的;金属的"
        },
        {
          "words": [
            "bright",
            "shining"
          ],
          "tran_cn": "金色的;光亮的"
        },
        {
          "words": [
            "excellent",
            "good",
            "splendid",
            "superior",
            "valuable",
            "very"
          ],
          "tran_cn": "高贵的;优秀的"
        }
      ]
    },
    {
      "pos": "other",
      "words": [
        {
          "words": [
            "bright",
            "excellent",
            "fine",
            "good",
            "metallic",
            "nice",
            "shining",
            "splendid",
            "superior",
            "valuable",
            "very",
            "yellow"
          ],
          "tran_cn": "其他释义"
        }
      ]
    }
  ],
  "phrases": [
    {
      "phrase": "golden age",
      "tran_cn": "黄金时代；鼎盛时期"
    },
    {
      "phrase": "golden ball",
      "tran_cn": "金球；金琥"
    },
    {
      "phrase": "golden bell",
      "tran_cn": "连翘"
    },
    {
      "phrase": "golden boy",
      "tran_cn": "有成就的男人"
    },
    {
      "phrase": "golden bridge",
      "tran_cn": "退路（逃路）"
    },
    {
      "phrase": "golden brown",
      "tran_cn": "金黄色；淡棕色"
    },
    {
      "phrase": "golden eagle",
      "tran_cn": "金雕"
    },
    {
      "phrase": "golden gate",
      "tran_cn": "金门海峡（美国一海峡）"
    },
    {
      "phrase": "golden gate bridge",
      "tran_cn": "金门大桥"
    },
    {
      "phrase": "golden hair",
      "tran_cn": "金发"
    },
    {
      "phrase": "golden key",
      "tran_cn": "贿赂"
    },
    {
      "phrase": "golden mean",
      "tran_cn": "中庸之道；[美]黄金分割（等于golden section）"
    },
    {
      "phrase": "golden monkey",
      "tran_cn": "金丝猴"
    },
    {
      "phrase": "golden opportunity",
      "tran_cn": "绝好的机会"
    },
    {
      "phrase": "golden rule",
      "tran_cn": "金科玉律；指导原则；黄金法则"
    },
    {
      "phrase": "golden section",
      "tran_cn": "[数]黄金分割"
    },
    {
      "phrase": "golden state",
      "tran_cn": "（美）加利福尼亚州的别名"
    },
    {
      "phrase": "golden triangle",
      "tran_cn": "金三角"
    },
    {
      "phrase": "golden yellow",
      "tran_cn": "金黄；金黄色"
    },
    {
      "phrase": "silence is golden",
      "tran_cn": "沈默是金"
    }
  ],
  "trans": [
    {
      "pos": "adj",
      "tran_cn": "金（黄）色的，金质的，美好的 ",
      "tran_en": "having a bright yellow colour like gold"
    },
    {
      "pos": "n",
      "tran_cn": "(Golden)人名；(英、法、罗、德、瑞典)戈尔登"
    }
  ],
  "exchange": {}
}